Component: ARM Compiler 5.05 update 1 (build 106) Tool: armlink [4d0efa]

==============================================================================

Section Cross References

    top.o(RESET) refers to top.o(.text) for Reset_Handler


==============================================================================

Image Symbol Table

    Local Symbols

    Symbol Name                              Value     Ov Type        Size  Object(Section)

    RESET                                    0x00000000   Section      128  top.o(RESET)
    top.s                                    0x00000000   Number         0  top.o ABSOLUTE
    .text                                    0x00000080   Section       44  top.o(.text)

    Global Symbols

    Symbol Name                              Value     Ov Type        Size  Object(Section)

    BuildAttributes$$THM_ISAv3M$S$PE$A:L22$X:L11$S22$IEEE1$IW$USESV6$~STKCKD$USESV7$~SHL$OSPACE$EBA8$STANDARDLIB$PRES8$EABIv2 0x00000000   Number         0  anon$$obj.o ABSOLUTE
    __Vectors                                0x00000000   Data           4  top.o(RESET)
    Reset_Handler                            0x00000081   Thumb Code    26  top.o(.text)



==============================================================================

Memory Map of the image

  Image Entry point : 0x00000081

  Load Region LR_IROM1 (Base: 0x00000000, Size: 0x000000ac, Max: 0x00040000, ABSOLUTE)

    Execution Region ER_IROM1 (Base: 0x00000000, Size: 0x000000ac, Max: 0x00040000, ABSOLUTE)

    Base Addr    Size         Type   Attr      Idx    E Section Name        Object

    0x00000000   0x00000080   Data   RO            1    RESET               top.o
    0x00000080   0x0000002c   Code   RO            2  * .text               top.o


    Execution Region RW_IRAM1 (Base: 0x20000000, Size: 0x00000000, Max: 0x00020000, ABSOLUTE)

    **** No section assigned to this execution region ****


==============================================================================

Image component sizes


      Code (inc. data)   RO Data    RW Data    ZI Data      Debug   Object Name

        44         18        128          0          0        336   top.o

    ----------------------------------------------------------------------
        44         18        128          0          0        336   Object Totals
         0          0          0          0          0          0   (incl. Generated)
         0          0          0          0          0          0   (incl. Padding)

    ----------------------------------------------------------------------
         0          0          0          0          0          0   Library Totals
         0          0          0          0          0          0   (incl. Padding)

    ----------------------------------------------------------------------

==============================================================================


      Code (inc. data)   RO Data    RW Data    ZI Data      Debug   

        44         18        128          0          0        336   Grand Totals
        44         18        128          0          0        336   ELF Image Totals
        44         18        128          0          0          0   ROM Totals

==============================================================================

    Total RO  Size (Code + RO Data)                  172 (   0.17kB)
    Total RW  Size (RW Data + ZI Data)                 0 (   0.00kB)
    Total ROM Size (Code + RO Data + RW Data)        172 (   0.17kB)

==============================================================================

